// Jest Snapshot v1, https://goo.gl/fbAQLP

exports[`PlayNumber should match snapshot 1`] = `
<button
  className="number"
  onClick={[Function]}
  style={
    Object {
      "backgroundColor": undefined,
    }
  }
/>
`;
