// Jest Snapshot v1, https://goo.gl/fbAQLP

exports[`StarsDisplay should match snapshot 1`] = `
Array [
  <div
    className="star"
  />,
  <div
    className="star"
  />,
  <div
    className="star"
  />,
  <div
    className="star"
  />,
  <div
    className="star"
  />,
  <div
    className="star"
  />,
  <div
    className="star"
  />,
  <div
    className="star"
  />,
  <div
    className="star"
  />,
]
`;
